app/servers/[id]/page.tsx(428,53): error TS2345: Argument of type '"welcome"' is not assignable to parameter of type 'SetStateAction<"premium" | "tickets" | "tournaments" | "scrims">'.
app/servers/[id]/page.tsx(429,119): error TS2367: This comparison appears to be unintentional because the types '"premium" | "tickets" | "tournaments" | "scrims"' and '"welcome"' have no overlap.
